// Jest Snapshot v1, https://goo.gl/fbAQLP

exports[`loginSaga should have the expected watchers 1`] = `
Object {
  "fork": Array [
    Object {
      "@@redux-saga/IO": true,
      "combinator": false,
      "payload": Object {
        "args": Array [
          "USER_LOGIN_REQUEST",
          "@@redux-saga-test-plan/json/function/loginSaga",
        ],
        "context": null,
        "fn": "@@redux-saga-test-plan/json/function/takeEvery",
      },
      "type": "FORK",
    },
    Object {
      "@@redux-saga/IO": true,
      "combinator": false,
      "payload": Object {
        "args": Array [
          "USER_LOGOUT_REQUEST",
          "@@redux-saga-test-plan/json/function/logoutSaga",
        ],
        "context": null,
        "fn": "@@redux-saga-test-plan/json/function/takeEvery",
      },
      "type": "FORK",
    },
  ],
  "take": Array [
    Object {
      "@@redux-saga/IO": true,
      "combinator": false,
      "payload": Object {
        "pattern": "USER_LOGIN_REQUEST",
      },
      "type": "TAKE",
    },
    Object {
      "@@redux-saga/IO": true,
      "combinator": false,
      "payload": Object {
        "pattern": "USER_LOGOUT_REQUEST",
      },
      "type": "TAKE",
    },
  ],
}
`;
