// Jest Snapshot v1, https://goo.gl/fbAQLP

exports[`Root should render properly for anonymous users 1`] = `
.c17 {
  position: fixed;
  z-index: 1000;
}

.c17 > div > * + * {
  margin-top: 16px;
}

.c18 {
  left: 16px;
  top: 16px;
  width: 26rem;
}

.c19 {
  right: 16px;
  top: 16px;
  width: 26rem;
}

.c20 {
  bottom: 16px;
  left: 16px;
  width: 26rem;
}

.c21 {
  bottom: 16px;
  right: 16px;
  width: 26rem;
}

.c16 {
  pointer-events: none;
  position: fixed;
  z-index: 1000;
}

.c2 {
  background: #ffffff;
  color: #ffffff;
  min-height: 100vh;
  overflow: hidden;
  position: relative;
}

.c8 {
  width: 90%;
  height: 100%;
  display: -webkit-box;
  display: -webkit-flex;
  display: -ms-flexbox;
  display: flex;
  -webkit-align-items: center;
  -webkit-box-align: center;
  -ms-flex-align: center;
  align-items: center;
  -webkit-box-pack: center;
  -webkit-justify-content: center;
  -ms-flex-pack: center;
  justify-content: center;
}

.c9 {
  width: 60%;
  height: 300px;
  background-color: #FFFFFF;
  border: 2px solid #433270;
  display: -webkit-box;
  display: -webkit-flex;
  display: -ms-flexbox;
  display: flex;
  -webkit-flex-direction: column;
  -ms-flex-direction: column;
  flex-direction: column;
  -webkit-align-items: center;
  -webkit-box-align: center;
  -ms-flex-align: center;
  align-items: center;
  -webkit-box-pack: center;
  -webkit-justify-content: center;
  -ms-flex-pack: center;
  justify-content: center;
  border-radius: 8px;
}

.c10 {
  font-size: 28px;
  margin: 0;
  padding: 30px;
  padding-top: 0;
  background-color: #FFFFFF;
  color: #433270;
}

.c11 {
  width: 80%;
  display: -webkit-box;
  display: -webkit-flex;
  display: -ms-flexbox;
  display: flex;
  -webkit-flex-direction: column;
  -ms-flex-direction: column;
  flex-direction: column;
  -webkit-align-items: center;
  -webkit-box-align: center;
  -ms-flex-align: center;
  align-items: center;
}

.c12 {
  width: 100%;
  height: 40px;
  margin-bottom: 20px;
  padding: 10px;
  font-size: 16px;
  border-radius: 6px;
  border: 2px solid #433270;
}

.c13 {
  padding: 10px;
}

.c14 {
  width: 100%;
  height: 40px;
  background-color: #433270;
  color: #FFFFFF;
  font-size: 16px;
  cursor: pointer;
  border-radius: 6px;
}

.c3 {
  display: -webkit-box;
  display: -webkit-flex;
  display: -ms-flexbox;
  display: flex;
  height: 100vh;
}

.c4 {
  width: 50%;
  background-color: #FFFFFF;
  display: -webkit-box;
  display: -webkit-flex;
  display: -ms-flexbox;
  display: flex;
  -webkit-flex-direction: column;
  -ms-flex-direction: column;
  flex-direction: column;
  -webkit-align-items: center;
  -webkit-box-align: center;
  -ms-flex-align: center;
  align-items: center;
  -webkit-box-pack: center;
  -webkit-justify-content: center;
  -ms-flex-pack: center;
  justify-content: center;
}

.c5 {
  width: 60%;
  height: 25%;
  padding: 3%;
  margin-bottom: 40px;
}

.c6 {
  font-family: 'Noto Sans',sans-serif;
  font-weight: 600;
  font-size: 40px;
  color: #C73E27;
  text-align: center;
  padding: 0 -20px;
}

.c7 {
  width: 50%;
  background-color: #FFFFFF;
}

.c15 {
  position: absolute;
  top: 150px;
  bottom: 199px;
  left: 50%;
  width: 2px;
  height: 408px;
  background-color: #c73e27;
}

.c0 {
  display: -webkit-box;
  display: -webkit-flex;
  display: -ms-flexbox;
  display: flex;
  -webkit-flex-direction: column;
  -ms-flex-direction: column;
  flex-direction: column;
  min-height: 100vh;
  opacity: 1 !important;
  position: relative;
  -webkit-transition: opacity 0.5s;
  transition: opacity 0.5s;
}

.c1 {
  min-height: 100vh;
  padding: 0;
}

@media screen and (min-width:768px) {
  .c18 {
    width: 32rem;
  }
}

@media screen and (min-width:768px) {
  .c19 {
    width: 32rem;
  }
}

@media screen and (min-width:768px) {
  .c20 {
    width: 32rem;
  }
}

@media screen and (min-width:768px) {
  .c21 {
    width: 32rem;
  }
}

<div
  class="c0"
  data-testid="app"
>
  <div>
    Helmet
  </div>
  <main
    class="c1"
  >
    <div
      class="c2"
      data-testid="Home"
    >
      <div
        class="c3"
      >
        <div
          class="c4"
        >
          <img
            alt="Image"
            class="c5"
            src="https://cdn.msruas.ac.in/ruas/imager/logos/identity/114151/university-main-logo_96575fd44b35071619e2d5f4abc0b108.png"
          />
          <span
            class="c6"
          >
            Welcome to 
          </span>
          <span
            class="c6"
          >
            PLACEMENT PORTAL
          </span>
        </div>
        <div
          class="c7"
        >
          <div
            class="c8"
          >
            <div
              class="c9"
            >
              <h1
                class="c10"
              >
                Sign In
              </h1>
              <div
                class="c11"
              >
                <select
                  class="c12"
                  name="role"
                >
                  <option
                    class="c13"
                    value="admin"
                  >
                    Admin
                  </option>
                  <option
                    class="c13"
                    value="student"
                  >
                    Student
                  </option>
                </select>
                <button
                  class="c14"
                  type="submit"
                >
                  Sign In
                </button>
              </div>
            </div>
          </div>
        </div>
        <div
          class="c15"
        />
      </div>
    </div>
  </main>
  <div
    class="c16"
  >
    <div
      class="c17 c18"
    >
      <div />
    </div>
    <div
      class="c17 c19"
    >
      <div />
    </div>
    <div
      class="c17 c20"
    >
      <div />
    </div>
    <div
      class="c17 c21"
    >
      <div />
    </div>
  </div>
</div>
`;

exports[`Root should render properly for logged users 1`] = `
.c2 {
  box-sizing: border-box;
  margin-left: auto;
  margin-right: auto;
  padding-left: 16px;
  padding-right: 16px;
  position: relative;
  width: 100%;
}

.c6 {
  display: inline-block;
  line-height: 0;
}

.c6 svg {
  height: auto;
  max-height: 100%;
  width: 16px;
}

.c4 {
  -webkit-align-items: flex-start;
  -webkit-box-align: flex-start;
  -ms-flex-align: flex-start;
  align-items: flex-start;
  display: -webkit-inline-box;
  display: -webkit-inline-flex;
  display: -ms-inline-flexbox;
  display: inline-flex;
  font-size: 0;
}

.c4 svg {
  height: 4.2rem;
  max-height: 100%;
  width: auto;
}

.c1 {
  background-color: #113740;
  height: 70px;
  left: 0;
  position: fixed;
  right: 0;
  top: 0;
  z-index: 200;
}

.c1:before {
  background-color: #00b4d5;
  bottom: 0;
  content: '';
  height: 0.2rem;
  left: 0;
  position: absolute;
  right: 0;
}

.c3 {
  -webkit-align-items: center;
  -webkit-box-align: center;
  -ms-flex-align: center;
  align-items: center;
  display: -webkit-box;
  display: -webkit-flex;
  display: -ms-flexbox;
  display: flex;
  -webkit-flex-wrap: wrap;
  -ms-flex-wrap: wrap;
  flex-wrap: wrap;
  height: 100%;
  -webkit-box-pack: justify;
  -webkit-justify-content: space-between;
  -ms-flex-pack: justify;
  justify-content: space-between;
  padding-bottom: 8px;
  padding-top: 8px;
}

.c5 {
  -webkit-align-items: center;
  -webkit-box-align: center;
  -ms-flex-align: center;
  align-items: center;
  color: #fff;
  display: -webkit-box;
  display: -webkit-flex;
  display: -ms-flexbox;
  display: flex;
  font-size: 1.3rem;
  padding: 8px;
}

.c5.active {
  color: #fff;
}

.c5 span {
  display: inline-block;
  margin-right: 0.4rem;
  text-transform: uppercase;
}

.c9 {
  position: fixed;
  z-index: 1000;
}

.c9 > div > * + * {
  margin-top: 16px;
}

.c10 {
  left: 16px;
  top: 16px;
  width: 26rem;
}

.c11 {
  right: 16px;
  top: 16px;
  width: 26rem;
}

.c12 {
  bottom: 16px;
  left: 16px;
  width: 26rem;
}

.c13 {
  bottom: 16px;
  right: 16px;
  width: 26rem;
}

.c8 {
  pointer-events: none;
  position: fixed;
  z-index: 1000;
}

.c0 {
  display: -webkit-box;
  display: -webkit-flex;
  display: -ms-flexbox;
  display: flex;
  -webkit-flex-direction: column;
  -ms-flex-direction: column;
  flex-direction: column;
  min-height: 100vh;
  opacity: 1 !important;
  position: relative;
  -webkit-transition: opacity 0.5s;
  transition: opacity 0.5s;
}

.c7 {
  min-height: 100vh;
  padding: 70px 0 0;
}

@media screen and (min-width:1024px) {
  .c2 {
    padding-left: 32px;
    padding-right: 32px;
  }
}

@media screen and (min-width:1024px) {
  .c5 {
    font-size: 1.6rem;
  }
}

@media screen and (min-width:768px) {
  .c10 {
    width: 32rem;
  }
}

@media screen and (min-width:768px) {
  .c11 {
    width: 32rem;
  }
}

@media screen and (min-width:768px) {
  .c12 {
    width: 32rem;
  }
}

@media screen and (min-width:768px) {
  .c13 {
    width: 32rem;
  }
}

<div
  class="c0"
  data-testid="app"
>
  <div>
    Helmet
  </div>
  <header
    class="c1"
    data-testid="Header"
  >
    <div
      class="c2 c3"
    >
      <div
        class="c4"
      >
        <svg
          src="/media/brand/icon.svg"
        />
      </div>
      <button
        class="c5"
      >
        <span>
          logout
        </span>
        <svg
          class="c6"
          height="100%"
          src="/media/icons/sign-out.svg"
          width="16px"
        />
      </button>
    </div>
  </header>
  <main
    class="c7"
  >
    <div
      data-component-name="Navigate"
    >
      NAVIGATE
    </div>
  </main>
  <div
    class="c8"
  >
    <div
      class="c9 c10"
    >
      <div />
    </div>
    <div
      class="c9 c11"
    >
      <div />
    </div>
    <div
      class="c9 c12"
    >
      <div />
    </div>
    <div
      class="c9 c13"
    >
      <div />
    </div>
  </div>
</div>
`;
