// Jest Snapshot v1, https://goo.gl/fbAQLP

exports[`Background should render properly 1`] = `
.c0 {
  background: #ffffff;
  color: #ffffff;
  min-height: 100vh;
  overflow: hidden;
  position: relative;
}

<div>
  <div
    class="c0"
  />
</div>
`;
